// Jest Snapshot v1, https://goo.gl/fbAQLP

exports[`Button Button renders correctly 1`] = `
<div>
  <button
    class="btn primary"
  >
    Button
  </button>
</div>
`;
